2026-10-04 15:33:05,173 | INFO    | rel-f1 audit, model=tabpfn-rel-local, output=/home/pminervi/workspace/nesy_tabfm/results_cluster/rel_f1/tabpfn-rel-local
2026-10-04 15:33:05,174 | INFO    | START load rel-f1
2026-10-04 15:33:09,195 | INFO    | DONE  load rel-f1 (4.0s)
2026-10-04 15:33:09,229 | INFO    | results_fk_race                                         referential_integrity  checked=26080      violations=0        rate=0.000000 (0.0s)
2026-10-04 15:33:09,235 | INFO    | results_fk_driver                                       referential_integrity  checked=26080      violations=0        rate=0.000000 (0.0s)
2026-10-04 15:33:09,242 | INFO    | results_fk_constructor                                  referential_integrity  checked=26080      violations=0        rate=0.000000 (0.0s)
2026-10-04 15:33:09,257 | INFO    | results_unique_per_race_driver                          cardinality            checked=25989      violations=85       rate=0.003271 (0.0s)
2026-10-04 15:33:09,270 | INFO    | standings_unique_per_race_driver                        cardinality            checked=34124      violations=0        rate=0.000000 (0.0s)
2026-10-04 15:33:09,275 | INFO    | season_points_consistency                               aggregate_consistency  checked=3167       violations=79       rate=0.024945 (0.0s)
2026-10-04 15:33:09,278 | INFO    | qualifying_before_race                                  temporal_order         checked=9815       violations=0        rate=0.000000 (0.0s)
2026-10-04 15:33:09,278 | INFO    | points_non_negative                                     denial                 checked=26080      violations=0        rate=0.000000 (0.0s)
2026-10-04 15:33:09,279 | INFO    | fia_scoring_position_eligibility                        denial                 checked=26080      violations=0        rate=0.000000 (0.0s)
2026-10-04 15:33:09,404 | INFO    | START predictions for driver-position
2026-10-04 15:33:09,411 | INFO    | DONE  predictions for driver-position (0.0s)
2026-10-04 15:33:09,438 | INFO    | START predictions for driver-dnf
2026-10-04 15:33:09,446 | INFO    | DONE  predictions for driver-dnf (0.0s)
2026-10-04 15:33:09,471 | INFO    | START predictions for driver-top3
2026-10-04 15:33:09,479 | INFO    | DONE  predictions for driver-top3 (0.0s)
2026-10-04 15:33:09,626 | INFO    | prediction-level results:
                       name        kind  n_checked  n_violations  violation_rate
top3_predictions_per_window cardinality         30            11        0.366667
    position_pred_in_domain      denial        760             0        0.000000
2026-10-04 15:33:09,638 | INFO    | wrote /home/pminervi/workspace/nesy_tabfm/results_cluster/rel_f1/tabpfn-rel-local/findings.md
