2026-09-21 23:00:39,810 | INFO    | rel-salt audit, model=tabpfn, output=/Users/rayb/phd/nesy_tabfm/results/salt/tabpfn
2026-09-21 23:00:39,810 | INFO    | START load rel-salt
2026-09-21 23:00:40,277 | INFO    | DONE  load rel-salt (0.5s)
2026-09-21 23:00:40,277 | INFO    | START build full db
2026-09-21 23:00:40,750 | INFO    | DONE  build full db (0.5s)
2026-09-21 23:00:40,881 | INFO    | item_fk_salesdocument                                   referential_integrity  checked=2319540    violations=0        rate=0.000000 (0.1s)
2026-09-21 23:00:40,980 | INFO    | item_fk_soldtoparty                                     referential_integrity  checked=2319540    violations=0        rate=0.000000 (0.1s)
2026-09-21 23:00:41,081 | INFO    | customer_fk_address                                     referential_integrity  checked=139607     violations=0        rate=0.000000 (0.1s)
2026-09-21 23:00:41,145 | INFO    | order_has_at_least_one_item                             cardinality            checked=500908     violations=0        rate=0.000000 (0.1s)
2026-09-21 23:00:45,160 | INFO    | items_share_plant_within_order                          denial                 checked=32417261   violations=7134     rate=0.000220 (4.0s)
2026-09-21 23:02:28,739 | INFO    | items_share_shippingpoint_within_order                  denial                 checked=32417261   violations=7155     rate=0.000221 (103.6s)
2026-09-21 23:02:31,686 | INFO    | items_share_itemincotermsclassification_within_order    denial                 checked=32417261   violations=2582     rate=0.000080 (2.9s)
2026-09-21 23:02:31,922 | INFO    | salesorg_determines_division                            functional_dependency  checked=500908     violations=0        rate=0.000000 (0.2s)
2026-09-21 23:02:32,127 | INFO    | salesorg_determines_billing_company_code                functional_dependency  checked=500908     violations=3        rate=0.000006 (0.2s)
2026-09-21 23:02:32,319 | INFO    | shippingpoint_determines_plant                          functional_dependency  checked=2319540    violations=1356     rate=0.000585 (0.2s)
2026-09-21 23:02:32,408 | INFO    | salesgroup_determines_salesoffice                       functional_dependency  checked=500908     violations=1399     rate=0.002793 (0.1s)
2026-09-21 23:02:32,789 | INFO    | item_incoterms_matches_header_incoterms                 denial                 checked=2319540    violations=1701     rate=0.000733 (0.4s)
2026-09-21 23:02:32,803 | INFO    | item_incoterms_in_fixed_vocabulary                      denial                 checked=2319540    violations=0        rate=0.000000 (0.0s)
2026-09-21 23:02:32,804 | INFO    | header_incoterms_in_fixed_vocabulary                    denial                 checked=500908     violations=0        rate=0.000000 (0.0s)
2026-09-21 23:02:52,046 | INFO    | START tabpfn on item-plant
2026-09-21 23:02:52,112 | INFO    | PLANT: TabPFN context=8000 rows, test=1000 rows, 30 classes in context
2026-09-21 23:02:52,112 | INFO    | START build features
2026-09-21 23:02:52,673 | INFO    | DONE  build features (0.6s)
2026-09-21 23:02:52,682 | INFO    | START TabPFN fit
2026-09-21 23:02:53,148 | INFO    | DONE  TabPFN fit (0.5s)
2026-09-21 23:02:53,148 | INFO    | START TabPFN predict (1000 rows)
2026-09-21 23:15:55,770 | INFO    | DONE  TabPFN predict (1000 rows) (782.6s)
2026-09-21 23:15:55,771 | INFO    | DONE  tabpfn on item-plant (783.7s)
2026-09-21 23:15:55,775 | INFO    | item-plant accuracy=0.9890 on n=1000
2026-09-21 23:15:56,620 | INFO    | START tabpfn on item-shippoint
2026-09-21 23:15:56,679 | INFO    | SHIPPINGPOINT: TabPFN context=8000 rows, test=1000 rows, 57 classes in context
2026-09-21 23:15:56,679 | INFO    | START build features
2026-09-21 23:15:57,046 | INFO    | DONE  build features (0.4s)
2026-09-21 23:15:57,057 | INFO    | START TabPFN fit
2026-09-21 23:15:57,338 | INFO    | DONE  TabPFN fit (0.3s)
2026-09-21 23:15:57,338 | INFO    | START TabPFN predict (1000 rows)
2026-09-21 23:25:33,337 | INFO    | DONE  TabPFN predict (1000 rows) (576.0s)
2026-09-21 23:25:33,339 | INFO    | DONE  tabpfn on item-shippoint (576.7s)
2026-09-21 23:25:33,343 | INFO    | item-shippoint accuracy=0.9690 on n=1000
2026-09-21 23:25:34,192 | INFO    | START tabpfn on item-incoterms
2026-09-21 23:25:34,250 | INFO    | ITEMINCOTERMSCLASSIFICATION: TabPFN context=8000 rows, test=1000 rows, 12 classes in context
2026-09-21 23:25:34,250 | INFO    | START build features
2026-09-21 23:25:34,636 | INFO    | DONE  build features (0.4s)
2026-09-21 23:25:34,646 | INFO    | START TabPFN fit
2026-09-21 23:27:18,928 | INFO    | DONE  TabPFN fit (104.3s)
2026-09-21 23:27:18,928 | INFO    | START TabPFN predict (1000 rows)
2026-09-21 23:41:36,493 | INFO    | DONE  TabPFN predict (1000 rows) (857.6s)
2026-09-21 23:41:36,494 | INFO    | DONE  tabpfn on item-incoterms (962.3s)
2026-09-21 23:41:36,498 | INFO    | item-incoterms accuracy=1.0000 on n=1000
2026-09-21 23:41:37,397 | INFO    | START tabpfn on sales-office
2026-09-21 23:41:37,418 | INFO    | SALESOFFICE: TabPFN context=8000 rows, test=1000 rows, 11 classes in context
2026-09-21 23:41:37,418 | INFO    | START build features
2026-09-21 23:41:37,460 | INFO    | DONE  build features (0.0s)
2026-09-21 23:41:37,466 | INFO    | START TabPFN fit
2026-09-21 23:41:37,726 | INFO    | DONE  TabPFN fit (0.3s)
2026-09-21 23:41:37,726 | INFO    | START TabPFN predict (1000 rows)
2026-09-21 23:43:55,621 | INFO    | DONE  TabPFN predict (1000 rows) (137.9s)
2026-09-21 23:43:55,627 | INFO    | DONE  tabpfn on sales-office (138.2s)
2026-09-21 23:43:55,633 | INFO    | sales-office accuracy=1.0000 on n=1000
2026-09-21 23:43:56,778 | INFO    | START tabpfn on sales-group
2026-09-21 23:43:56,810 | INFO    | SALESGROUP: TabPFN context=8000 rows, test=1000 rows, 378 classes in context
2026-09-21 23:43:56,811 | INFO    | START build features
2026-09-21 23:43:56,905 | INFO    | DONE  build features (0.1s)
2026-09-21 23:43:56,913 | INFO    | START TabPFN fit
2026-09-21 23:43:57,208 | ERROR   | FAILED TabPFN fit after 0.3s
Traceback (most recent call last):
  File "/Users/rayb/phd/nesy_tabfm/src/nesy_tabfm/progress.py", line 64, in timed
    yield
  File "/Users/rayb/phd/nesy_tabfm/src/nesy_tabfm/models/salt_tabpfn.py", line 94, in fit_predict
    model.fit(x_train, y_train)
  File "/Users/rayb/.local/share/uv/python/cpython-3.11.14-macos-aarch64-none/lib/python3.11/contextlib.py", line 81, in inner
    return func(*args, **kwds)
           ^^^^^^^^^^^^^^^^^^^
  File "/Users/rayb/phd/nesy_tabfm/.venv/lib/python3.11/site-packages/tabpfn/classifier.py", line 843, in fit
    ensemble_configs, X, y = self._initialize_dataset_preprocessing(
                             ^^^^^^^^^^^^^^^^^^^^^^^^^^^^^^^^^^^^^^^
  File "/Users/rayb/phd/nesy_tabfm/.venv/lib/python3.11/site-packages/tabpfn/classifier.py", line 753, in _initialize_dataset_preprocessing
    y, label_metadata = self.label_encoder_.fit_transform(
                        ^^^^^^^^^^^^^^^^^^^^^^^^^^^^^^^^^^
  File "/Users/rayb/phd/nesy_tabfm/.venv/lib/python3.11/site-packages/tabpfn/preprocessing/label_encoder.py", line 57, in fit_transform
    validate_num_classes(
  File "/Users/rayb/phd/nesy_tabfm/.venv/lib/python3.11/site-packages/tabpfn/validation.py", line 242, in validate_num_classes
    raise TabPFNValidationError(
tabpfn.errors.TabPFNValidationError: Number of classes `378` exceeds the maximum number of classes `160` officially supported by TabPFN.
2026-09-21 23:43:57,213 | ERROR   | FAILED tabpfn on sales-group after 0.4s
Traceback (most recent call last):
  File "/Users/rayb/phd/nesy_tabfm/src/nesy_tabfm/progress.py", line 64, in timed
    yield
  File "/Users/rayb/phd/nesy_tabfm/src/nesy_tabfm/audit/salt_runner.py", line 86, in run_audit
    preds = model_adapter.fit_predict(task, db_full)
            ^^^^^^^^^^^^^^^^^^^^^^^^^^^^^^^^^^^^^^^^
  File "/Users/rayb/phd/nesy_tabfm/src/nesy_tabfm/models/salt_tabpfn.py", line 94, in fit_predict
    model.fit(x_train, y_train)
  File "/Users/rayb/.local/share/uv/python/cpython-3.11.14-macos-aarch64-none/lib/python3.11/contextlib.py", line 81, in inner
    return func(*args, **kwds)
           ^^^^^^^^^^^^^^^^^^^
  File "/Users/rayb/phd/nesy_tabfm/.venv/lib/python3.11/site-packages/tabpfn/classifier.py", line 843, in fit
    ensemble_configs, X, y = self._initialize_dataset_preprocessing(
                             ^^^^^^^^^^^^^^^^^^^^^^^^^^^^^^^^^^^^^^^
  File "/Users/rayb/phd/nesy_tabfm/.venv/lib/python3.11/site-packages/tabpfn/classifier.py", line 753, in _initialize_dataset_preprocessing
    y, label_metadata = self.label_encoder_.fit_transform(
                        ^^^^^^^^^^^^^^^^^^^^^^^^^^^^^^^^^^
  File "/Users/rayb/phd/nesy_tabfm/.venv/lib/python3.11/site-packages/tabpfn/preprocessing/label_encoder.py", line 57, in fit_transform
    validate_num_classes(
  File "/Users/rayb/phd/nesy_tabfm/.venv/lib/python3.11/site-packages/tabpfn/validation.py", line 242, in validate_num_classes
    raise TabPFNValidationError(
tabpfn.errors.TabPFNValidationError: Number of classes `378` exceeds the maximum number of classes `160` officially supported by TabPFN.
2026-09-21 23:43:57,214 | ERROR   | sales-group FAILED: Number of classes `378` exceeds the maximum number of classes `160` officially supported by TabPFN.
2026-09-21 23:43:58,206 | INFO    | START tabpfn on sales-payterms
2026-09-21 23:43:58,231 | INFO    | CUSTOMERPAYMENTTERMS: TabPFN context=8000 rows, test=1000 rows, 102 classes in context
2026-09-21 23:43:58,231 | INFO    | START build features
2026-09-21 23:43:58,270 | INFO    | DONE  build features (0.0s)
2026-09-21 23:43:58,276 | INFO    | START TabPFN fit
2026-09-21 23:43:58,529 | INFO    | DONE  TabPFN fit (0.3s)
2026-09-21 23:43:58,529 | INFO    | START TabPFN predict (1000 rows)
2026-09-21 23:45:49,568 | INFO    | DONE  TabPFN predict (1000 rows) (111.0s)
2026-09-21 23:45:49,570 | INFO    | DONE  tabpfn on sales-payterms (111.4s)
2026-09-21 23:45:49,575 | INFO    | sales-payterms accuracy=0.9890 on n=1000
2026-09-21 23:45:50,496 | INFO    | START tabpfn on sales-shipcond
2026-09-21 23:45:50,516 | INFO    | SHIPPINGCONDITION: TabPFN context=8000 rows, test=1000 rows, 31 classes in context
2026-09-21 23:45:50,517 | INFO    | START build features
2026-09-21 23:45:50,582 | INFO    | DONE  build features (0.1s)
2026-09-21 23:45:50,590 | INFO    | START TabPFN fit
2026-09-21 23:45:50,847 | INFO    | DONE  TabPFN fit (0.3s)
2026-09-21 23:45:50,847 | INFO    | START TabPFN predict (1000 rows)
2026-09-21 23:47:31,442 | INFO    | DONE  TabPFN predict (1000 rows) (100.6s)
2026-09-21 23:47:31,444 | INFO    | DONE  tabpfn on sales-shipcond (100.9s)
2026-09-21 23:47:31,448 | INFO    | sales-shipcond accuracy=0.9880 on n=1000
2026-09-21 23:47:32,328 | INFO    | START tabpfn on sales-incoterms
2026-09-21 23:47:32,348 | INFO    | HEADERINCOTERMSCLASSIFICATION: TabPFN context=8000 rows, test=1000 rows, 12 classes in context
2026-09-21 23:47:32,348 | INFO    | START build features
2026-09-21 23:47:32,388 | INFO    | DONE  build features (0.0s)
2026-09-21 23:47:32,393 | INFO    | START TabPFN fit
2026-09-21 23:47:32,641 | INFO    | DONE  TabPFN fit (0.2s)
2026-09-21 23:47:32,641 | INFO    | START TabPFN predict (1000 rows)
2026-09-21 23:49:23,787 | INFO    | DONE  TabPFN predict (1000 rows) (111.1s)
2026-09-21 23:49:23,788 | INFO    | DONE  tabpfn on sales-incoterms (111.5s)
2026-09-21 23:49:23,792 | INFO    | sales-incoterms accuracy=1.0000 on n=1000
2026-09-21 23:49:26,933 | INFO    | prediction-level results:
                                               name                  kind  n_checked  n_violations  violation_rate
                      plant_consistent_within_order                denial         46             0           0.000
              shippingpoint_consistent_within_order                denial         46             0           0.000
itemincotermsclassification_consistent_within_order                denial         46             0           0.000
           shippingpoint_pred_determines_plant_pred functional_dependency       1000             5           0.005
  item_incoterms_pred_matches_header_incoterms_pred                denial          8             0           0.000
2026-09-21 23:49:26,937 | INFO    | wrote /Users/rayb/phd/nesy_tabfm/results/salt/tabpfn/findings.md
