2026-10-04 15:46:38,790 | INFO    | rel-f1 audit, model=lightgbm, output=/home/pminervi/workspace/nesy_tabfm/results_cluster/rel_f1/lightgbm
2026-10-04 15:46:38,792 | INFO    | START load rel-f1
2026-10-04 15:46:42,747 | INFO    | DONE  load rel-f1 (4.0s)
2026-10-04 15:46:42,839 | INFO    | results_fk_race                                         referential_integrity  checked=26080      violations=0        rate=0.000000 (0.0s)
2026-10-04 15:46:42,851 | INFO    | results_fk_driver                                       referential_integrity  checked=26080      violations=0        rate=0.000000 (0.0s)
2026-10-04 15:46:42,861 | INFO    | results_fk_constructor                                  referential_integrity  checked=26080      violations=0        rate=0.000000 (0.0s)
2026-10-04 15:46:42,875 | INFO    | results_unique_per_race_driver                          cardinality            checked=25989      violations=85       rate=0.003271 (0.0s)
2026-10-04 15:46:42,888 | INFO    | standings_unique_per_race_driver                        cardinality            checked=34124      violations=0        rate=0.000000 (0.0s)
2026-10-04 15:46:42,942 | INFO    | season_points_consistency                               aggregate_consistency  checked=3167       violations=79       rate=0.024945 (0.1s)
2026-10-04 15:46:42,946 | INFO    | qualifying_before_race                                  temporal_order         checked=9815       violations=0        rate=0.000000 (0.0s)
2026-10-04 15:46:42,946 | INFO    | points_non_negative                                     denial                 checked=26080      violations=0        rate=0.000000 (0.0s)
2026-10-04 15:46:42,947 | INFO    | fia_scoring_position_eligibility                        denial                 checked=26080      violations=0        rate=0.000000 (0.0s)
2026-10-04 15:46:43,078 | INFO    | START predictions for driver-position
2026-10-04 15:46:43,086 | INFO    | DONE  predictions for driver-position (0.0s)
2026-10-04 15:46:43,108 | INFO    | START predictions for driver-dnf
2026-10-04 15:46:43,116 | INFO    | DONE  predictions for driver-dnf (0.0s)
2026-10-04 15:46:43,135 | INFO    | START predictions for driver-top3
2026-10-04 15:46:43,143 | INFO    | DONE  predictions for driver-top3 (0.0s)
2026-10-04 15:46:43,348 | INFO    | prediction-level results:
                       name        kind  n_checked  n_violations  violation_rate
top3_predictions_per_window cardinality         30             4        0.133333
    position_pred_in_domain      denial        760             0        0.000000
2026-10-04 15:46:43,360 | INFO    | wrote /home/pminervi/workspace/nesy_tabfm/results_cluster/rel_f1/lightgbm/findings.md
