2026-09-21 22:17:59,256 | INFO    | rel-f1 audit, model=lightgbm, output=/Users/rayb/phd/nesy_tabfm/results/rel_f1/lightgbm
2026-09-21 22:17:59,256 | INFO    | START load rel-f1
2026-09-21 22:17:59,780 | INFO    | DONE  load rel-f1 (0.5s)
2026-09-21 22:17:59,816 | INFO    | results_fk_race                                         referential_integrity  checked=26080      violations=0        rate=0.000000 (0.0s)
2026-09-21 22:17:59,822 | INFO    | results_fk_driver                                       referential_integrity  checked=26080      violations=0        rate=0.000000 (0.0s)
2026-09-21 22:17:59,827 | INFO    | results_fk_constructor                                  referential_integrity  checked=26080      violations=0        rate=0.000000 (0.0s)
2026-09-21 22:17:59,837 | INFO    | results_unique_per_race_driver                          cardinality            checked=25989      violations=85       rate=0.003271 (0.0s)
2026-09-21 22:17:59,849 | INFO    | standings_unique_per_race_driver                        cardinality            checked=34124      violations=0        rate=0.000000 (0.0s)
2026-09-21 22:17:59,856 | INFO    | season_points_consistency                               aggregate_consistency  checked=3167       violations=79       rate=0.024945 (0.0s)
2026-09-21 22:17:59,859 | INFO    | qualifying_before_race                                  temporal_order         checked=9815       violations=0        rate=0.000000 (0.0s)
2026-09-21 22:17:59,859 | INFO    | points_non_negative                                     denial                 checked=26080      violations=0        rate=0.000000 (0.0s)
2026-09-21 22:17:59,860 | INFO    | fia_scoring_position_eligibility                        denial                 checked=26080      violations=0        rate=0.000000 (0.0s)
2026-09-21 22:18:00,010 | INFO    | START predictions for driver-position
2026-09-21 22:18:00,014 | INFO    | DONE  predictions for driver-position (0.0s)
2026-09-21 22:18:00,026 | INFO    | START predictions for driver-dnf
2026-09-21 22:18:00,028 | INFO    | DONE  predictions for driver-dnf (0.0s)
2026-09-21 22:18:00,033 | INFO    | START predictions for driver-top3
2026-09-21 22:18:00,035 | INFO    | DONE  predictions for driver-top3 (0.0s)
2026-09-21 22:18:00,093 | INFO    | prediction-level results:
                       name        kind  n_checked  n_violations  violation_rate
top3_predictions_per_window cardinality         30             4        0.133333
    position_pred_in_domain      denial        760             0        0.000000
2026-09-21 22:18:00,096 | INFO    | wrote /Users/rayb/phd/nesy_tabfm/results/rel_f1/lightgbm/findings.md
