2026-09-21 22:18:17,750 | INFO    | START load rel-f1
2026-09-21 22:18:18,622 | INFO    | DONE  load rel-f1 (0.9s)
2026-09-21 22:18:18,709 | INFO    | results_fk_race                                         referential_integrity  checked=26080      violations=0        rate=0.000000 (0.0s)
2026-09-21 22:18:18,729 | INFO    | results_fk_driver                                       referential_integrity  checked=26080      violations=0        rate=0.000000 (0.0s)
2026-09-21 22:18:18,740 | INFO    | results_fk_constructor                                  referential_integrity  checked=26080      violations=0        rate=0.000000 (0.0s)
2026-09-21 22:18:18,764 | INFO    | results_unique_per_race_driver                          cardinality            checked=25989      violations=85       rate=0.003271 (0.0s)
2026-09-21 22:18:18,789 | INFO    | standings_unique_per_race_driver                        cardinality            checked=34124      violations=0        rate=0.000000 (0.0s)
2026-09-21 22:18:18,799 | INFO    | season_points_consistency                               aggregate_consistency  checked=3167       violations=79       rate=0.024945 (0.0s)
2026-09-21 22:18:18,804 | INFO    | qualifying_before_race                                  temporal_order         checked=9815       violations=0        rate=0.000000 (0.0s)
2026-09-21 22:18:18,805 | INFO    | points_non_negative                                     denial                 checked=26080      violations=0        rate=0.000000 (0.0s)
2026-09-21 22:18:18,807 | INFO    | START load rel-salt
2026-09-21 22:18:20,221 | INFO    | DONE  load rel-salt (1.4s)
2026-09-21 22:18:20,486 | INFO    | item_fk_salesdocument                                   referential_integrity  checked=2319540    violations=0        rate=0.000000 (0.3s)
2026-09-21 22:18:20,700 | INFO    | item_fk_soldtoparty                                     referential_integrity  checked=2319540    violations=0        rate=0.000000 (0.2s)
2026-09-21 22:18:20,873 | INFO    | customer_fk_address                                     referential_integrity  checked=139607     violations=0        rate=0.000000 (0.2s)
2026-09-21 22:18:20,979 | INFO    | order_has_at_least_one_item                             cardinality            checked=500908     violations=0        rate=0.000000 (0.1s)
2026-09-21 22:18:21,434 | INFO    | salesorg_determines_division                            functional_dependency  checked=500908     violations=0        rate=0.000000 (0.5s)
2026-09-21 22:18:21,701 | INFO    | salesorg_determines_billing_company_code                functional_dependency  checked=500908     violations=3        rate=0.000006 (0.3s)
2026-09-21 22:18:21,951 | INFO    | shippingpoint_determines_plant                          functional_dependency  checked=2319540    violations=1356     rate=0.000585 (0.2s)
2026-09-21 22:18:22,061 | INFO    | salesgroup_determines_salesoffice                       functional_dependency  checked=500908     violations=1399     rate=0.002793 (0.1s)
2026-09-21 22:18:22,067 | INFO    | wrote /Users/rayb/phd/nesy_tabfm/results/tier1/db_level_rel-f1.csv (8 constraints)
2026-09-21 22:18:22,070 | INFO    | wrote /Users/rayb/phd/nesy_tabfm/results/tier1/db_level_rel-salt.csv (8 constraints)
2026-09-21 22:18:22,875 | INFO    | wrote /Users/rayb/phd/nesy_tabfm/results/tier1_db_integrity.md
2026-09-21 23:49:47,209 | INFO    | START load rel-f1
2026-09-21 23:49:47,686 | INFO    | DONE  load rel-f1 (0.5s)
2026-09-21 23:49:47,718 | INFO    | results_fk_race                                         referential_integrity  checked=26080      violations=0        rate=0.000000 (0.0s)
2026-09-21 23:49:47,722 | INFO    | results_fk_driver                                       referential_integrity  checked=26080      violations=0        rate=0.000000 (0.0s)
2026-09-21 23:49:47,726 | INFO    | results_fk_constructor                                  referential_integrity  checked=26080      violations=0        rate=0.000000 (0.0s)
2026-09-21 23:49:47,734 | INFO    | results_unique_per_race_driver                          cardinality            checked=25989      violations=85       rate=0.003271 (0.0s)
2026-09-21 23:49:47,743 | INFO    | standings_unique_per_race_driver                        cardinality            checked=34124      violations=0        rate=0.000000 (0.0s)
2026-09-21 23:49:47,747 | INFO    | season_points_consistency                               aggregate_consistency  checked=3167       violations=79       rate=0.024945 (0.0s)
2026-09-21 23:49:47,749 | INFO    | qualifying_before_race                                  temporal_order         checked=9815       violations=0        rate=0.000000 (0.0s)
2026-09-21 23:49:47,750 | INFO    | points_non_negative                                     denial                 checked=26080      violations=0        rate=0.000000 (0.0s)
2026-09-21 23:49:47,750 | INFO    | START load rel-salt
2026-09-21 23:49:48,292 | INFO    | DONE  load rel-salt (0.5s)
2026-09-21 23:49:48,411 | INFO    | item_fk_salesdocument                                   referential_integrity  checked=2319540    violations=0        rate=0.000000 (0.1s)
2026-09-21 23:49:48,508 | INFO    | item_fk_soldtoparty                                     referential_integrity  checked=2319540    violations=0        rate=0.000000 (0.1s)
2026-09-21 23:49:48,609 | INFO    | customer_fk_address                                     referential_integrity  checked=139607     violations=0        rate=0.000000 (0.1s)
2026-09-21 23:49:48,671 | INFO    | order_has_at_least_one_item                             cardinality            checked=500908     violations=0        rate=0.000000 (0.1s)
2026-09-21 23:49:48,852 | INFO    | salesorg_determines_division                            functional_dependency  checked=500908     violations=0        rate=0.000000 (0.2s)
2026-09-21 23:49:49,028 | INFO    | salesorg_determines_billing_company_code                functional_dependency  checked=500908     violations=3        rate=0.000006 (0.2s)
2026-09-21 23:49:49,167 | INFO    | shippingpoint_determines_plant                          functional_dependency  checked=2319540    violations=1356     rate=0.000585 (0.1s)
2026-09-21 23:49:49,216 | INFO    | salesgroup_determines_salesoffice                       functional_dependency  checked=500908     violations=1399     rate=0.002793 (0.0s)
2026-09-21 23:49:49,220 | INFO    | wrote /Users/rayb/phd/nesy_tabfm/results/tier1/db_level_rel-f1.csv (8 constraints)
2026-09-21 23:49:49,220 | INFO    | wrote /Users/rayb/phd/nesy_tabfm/results/tier1/db_level_rel-salt.csv (8 constraints)
2026-09-21 23:49:49,337 | INFO    | wrote /Users/rayb/phd/nesy_tabfm/results/tier1_db_integrity.md
2026-09-21 23:50:16,344 | INFO    | START load rel-f1
2026-09-21 23:50:16,783 | INFO    | DONE  load rel-f1 (0.4s)
2026-09-21 23:50:16,813 | INFO    | results_fk_race                                         referential_integrity  checked=26080      violations=0        rate=0.000000 (0.0s)
2026-09-21 23:50:16,818 | INFO    | results_fk_driver                                       referential_integrity  checked=26080      violations=0        rate=0.000000 (0.0s)
2026-09-21 23:50:16,822 | INFO    | results_fk_constructor                                  referential_integrity  checked=26080      violations=0        rate=0.000000 (0.0s)
2026-09-21 23:50:16,829 | INFO    | results_unique_per_race_driver                          cardinality            checked=25989      violations=85       rate=0.003271 (0.0s)
2026-09-21 23:50:16,839 | INFO    | standings_unique_per_race_driver                        cardinality            checked=34124      violations=0        rate=0.000000 (0.0s)
2026-09-21 23:50:16,843 | INFO    | season_points_consistency                               aggregate_consistency  checked=3167       violations=79       rate=0.024945 (0.0s)
2026-09-21 23:50:16,845 | INFO    | qualifying_before_race                                  temporal_order         checked=9815       violations=0        rate=0.000000 (0.0s)
2026-09-21 23:50:16,846 | INFO    | points_non_negative                                     denial                 checked=26080      violations=0        rate=0.000000 (0.0s)
2026-09-21 23:50:16,846 | INFO    | START load rel-salt
2026-09-21 23:50:17,353 | INFO    | DONE  load rel-salt (0.5s)
2026-09-21 23:50:17,471 | INFO    | item_fk_salesdocument                                   referential_integrity  checked=2319540    violations=0        rate=0.000000 (0.1s)
2026-09-21 23:50:17,565 | INFO    | item_fk_soldtoparty                                     referential_integrity  checked=2319540    violations=0        rate=0.000000 (0.1s)
2026-09-21 23:50:17,669 | INFO    | customer_fk_address                                     referential_integrity  checked=139607     violations=0        rate=0.000000 (0.1s)
2026-09-21 23:50:17,731 | INFO    | order_has_at_least_one_item                             cardinality            checked=500908     violations=0        rate=0.000000 (0.1s)
2026-09-21 23:50:17,916 | INFO    | salesorg_determines_division                            functional_dependency  checked=500908     violations=0        rate=0.000000 (0.2s)
2026-09-21 23:50:18,075 | INFO    | salesorg_determines_billing_company_code                functional_dependency  checked=500908     violations=3        rate=0.000006 (0.2s)
2026-09-21 23:50:18,218 | INFO    | shippingpoint_determines_plant                          functional_dependency  checked=2319540    violations=1356     rate=0.000585 (0.1s)
2026-09-21 23:50:18,267 | INFO    | salesgroup_determines_salesoffice                       functional_dependency  checked=500908     violations=1399     rate=0.002793 (0.0s)
2026-09-21 23:50:18,269 | INFO    | wrote /Users/rayb/phd/nesy_tabfm/results/tier1/db_level_rel-f1.csv (8 constraints)
2026-09-21 23:50:18,270 | INFO    | wrote /Users/rayb/phd/nesy_tabfm/results/tier1/db_level_rel-salt.csv (8 constraints)
2026-09-21 23:50:18,396 | INFO    | wrote /Users/rayb/phd/nesy_tabfm/results/tier1_db_integrity.md
2026-09-21 23:50:35,064 | INFO    | START load rel-f1
2026-09-21 23:50:35,486 | INFO    | DONE  load rel-f1 (0.4s)
2026-09-21 23:50:35,520 | INFO    | results_fk_race                                         referential_integrity  checked=26080      violations=0        rate=0.000000 (0.0s)
2026-09-21 23:50:35,524 | INFO    | results_fk_driver                                       referential_integrity  checked=26080      violations=0        rate=0.000000 (0.0s)
2026-09-21 23:50:35,529 | INFO    | results_fk_constructor                                  referential_integrity  checked=26080      violations=0        rate=0.000000 (0.0s)
2026-09-21 23:50:35,537 | INFO    | results_unique_per_race_driver                          cardinality            checked=25989      violations=85       rate=0.003271 (0.0s)
2026-09-21 23:50:35,546 | INFO    | standings_unique_per_race_driver                        cardinality            checked=34124      violations=0        rate=0.000000 (0.0s)
2026-09-21 23:50:35,551 | INFO    | season_points_consistency                               aggregate_consistency  checked=3167       violations=79       rate=0.024945 (0.0s)
2026-09-21 23:50:35,553 | INFO    | qualifying_before_race                                  temporal_order         checked=9815       violations=0        rate=0.000000 (0.0s)
2026-09-21 23:50:35,553 | INFO    | points_non_negative                                     denial                 checked=26080      violations=0        rate=0.000000 (0.0s)
2026-09-21 23:50:35,554 | INFO    | START load rel-salt
2026-09-21 23:50:36,066 | INFO    | DONE  load rel-salt (0.5s)
2026-09-21 23:50:36,185 | INFO    | item_fk_salesdocument                                   referential_integrity  checked=2319540    violations=0        rate=0.000000 (0.1s)
2026-09-21 23:50:36,286 | INFO    | item_fk_soldtoparty                                     referential_integrity  checked=2319540    violations=0        rate=0.000000 (0.1s)
2026-09-21 23:50:36,386 | INFO    | customer_fk_address                                     referential_integrity  checked=139607     violations=0        rate=0.000000 (0.1s)
2026-09-21 23:50:36,448 | INFO    | order_has_at_least_one_item                             cardinality            checked=500908     violations=0        rate=0.000000 (0.1s)
2026-09-21 23:50:36,635 | INFO    | salesorg_determines_division                            functional_dependency  checked=500908     violations=0        rate=0.000000 (0.2s)
2026-09-21 23:50:36,809 | INFO    | salesorg_determines_billing_company_code                functional_dependency  checked=500908     violations=3        rate=0.000006 (0.2s)
2026-09-21 23:50:36,950 | INFO    | shippingpoint_determines_plant                          functional_dependency  checked=2319540    violations=1356     rate=0.000585 (0.1s)
2026-09-21 23:50:36,999 | INFO    | salesgroup_determines_salesoffice                       functional_dependency  checked=500908     violations=1399     rate=0.002793 (0.0s)
2026-09-21 23:50:37,002 | INFO    | wrote /Users/rayb/phd/nesy_tabfm/results/tier1/db_level_rel-f1.csv (8 constraints)
2026-09-21 23:50:37,002 | INFO    | wrote /Users/rayb/phd/nesy_tabfm/results/tier1/db_level_rel-salt.csv (8 constraints)
2026-09-21 23:50:37,153 | INFO    | wrote /Users/rayb/phd/nesy_tabfm/results/tier1_db_integrity.md
2026-09-27 14:40:05,039 | INFO    | START load rel-f1
2026-09-27 14:40:05,569 | INFO    | DONE  load rel-f1 (0.5s)
2026-09-27 14:40:05,607 | INFO    | results_fk_race                                         referential_integrity  checked=26080      violations=0        rate=0.000000 (0.0s)
2026-09-27 14:40:05,612 | INFO    | results_fk_driver                                       referential_integrity  checked=26080      violations=0        rate=0.000000 (0.0s)
2026-09-27 14:40:05,616 | INFO    | results_fk_constructor                                  referential_integrity  checked=26080      violations=0        rate=0.000000 (0.0s)
2026-09-27 14:40:05,624 | INFO    | results_unique_per_race_driver                          cardinality            checked=25989      violations=85       rate=0.003271 (0.0s)
2026-09-27 14:40:05,635 | INFO    | standings_unique_per_race_driver                        cardinality            checked=34124      violations=0        rate=0.000000 (0.0s)
2026-09-27 14:40:05,640 | INFO    | season_points_consistency                               aggregate_consistency  checked=3167       violations=79       rate=0.024945 (0.0s)
2026-09-27 14:40:05,642 | INFO    | qualifying_before_race                                  temporal_order         checked=9815       violations=0        rate=0.000000 (0.0s)
2026-09-27 14:40:05,643 | INFO    | points_non_negative                                     denial                 checked=26080      violations=0        rate=0.000000 (0.0s)
2026-09-27 14:40:05,643 | INFO    | START load rel-salt
2026-09-27 14:40:06,286 | INFO    | DONE  load rel-salt (0.6s)
2026-09-27 14:40:06,432 | INFO    | item_fk_salesdocument                                   referential_integrity  checked=2319540    violations=0        rate=0.000000 (0.1s)
2026-09-27 14:40:06,535 | INFO    | item_fk_soldtoparty                                     referential_integrity  checked=2319540    violations=0        rate=0.000000 (0.1s)
2026-09-27 14:40:06,641 | INFO    | customer_fk_address                                     referential_integrity  checked=139607     violations=0        rate=0.000000 (0.1s)
2026-09-27 14:40:06,702 | INFO    | order_has_at_least_one_item                             cardinality            checked=500908     violations=0        rate=0.000000 (0.1s)
2026-09-27 14:40:06,890 | INFO    | salesorg_determines_division                            functional_dependency  checked=500908     violations=0        rate=0.000000 (0.2s)
2026-09-27 14:40:07,063 | INFO    | salesorg_determines_billing_company_code                functional_dependency  checked=500908     violations=3        rate=0.000006 (0.2s)
2026-09-27 14:40:07,213 | INFO    | shippingpoint_determines_plant                          functional_dependency  checked=2319540    violations=1356     rate=0.000585 (0.1s)
2026-09-27 14:40:07,269 | INFO    | salesgroup_determines_salesoffice                       functional_dependency  checked=500908     violations=1399     rate=0.002793 (0.1s)
2026-09-27 14:40:07,273 | INFO    | wrote /Users/rayb/phd/nesy_tabfm/results/tier1/db_level_rel-f1.csv (8 constraints)
2026-09-27 14:40:07,274 | INFO    | wrote /Users/rayb/phd/nesy_tabfm/results/tier1/db_level_rel-salt.csv (8 constraints)
2026-09-27 14:40:07,508 | INFO    | wrote /Users/rayb/phd/nesy_tabfm/results/tier1_db_integrity.md
