2026-10-04 15:31:57,312 | INFO    | rel-salt audit, model=tabpfn, output=/home/pminervi/workspace/nesy_tabfm/results_cluster/salt/tabpfn
2026-10-04 15:31:57,315 | INFO    | START load rel-salt
2026-10-04 15:31:58,462 | INFO    | DONE  load rel-salt (1.1s)
2026-10-04 15:31:58,463 | INFO    | START build full db
2026-10-04 15:31:59,232 | INFO    | DONE  build full db (0.8s)
2026-10-04 15:31:59,354 | INFO    | item_fk_salesdocument                                   referential_integrity  checked=2319540    violations=0        rate=0.000000 (0.1s)
2026-10-04 15:31:59,477 | INFO    | item_fk_soldtoparty                                     referential_integrity  checked=2319540    violations=0        rate=0.000000 (0.1s)
2026-10-04 15:31:59,633 | INFO    | customer_fk_address                                     referential_integrity  checked=139607     violations=0        rate=0.000000 (0.2s)
2026-10-04 15:31:59,703 | INFO    | order_has_at_least_one_item                             cardinality            checked=500908     violations=0        rate=0.000000 (0.1s)
2026-10-04 15:32:03,919 | INFO    | items_share_plant_within_order                          denial                 checked=32417261   violations=7134     rate=0.000220 (4.2s)
2026-10-04 15:32:08,150 | INFO    | items_share_shippingpoint_within_order                  denial                 checked=32417261   violations=7155     rate=0.000221 (4.2s)
2026-10-04 15:32:12,383 | INFO    | items_share_itemincotermsclassification_within_order    denial                 checked=32417261   violations=2582     rate=0.000080 (4.2s)
2026-10-04 15:32:12,575 | INFO    | salesorg_determines_division                            functional_dependency  checked=500908     violations=0        rate=0.000000 (0.2s)
2026-10-04 15:32:12,750 | INFO    | salesorg_determines_billing_company_code                functional_dependency  checked=500908     violations=3        rate=0.000006 (0.2s)
2026-10-04 15:32:12,885 | INFO    | shippingpoint_determines_plant                          functional_dependency  checked=2319540    violations=1356     rate=0.000585 (0.1s)
2026-10-04 15:32:12,943 | INFO    | salesgroup_determines_salesoffice                       functional_dependency  checked=500908     violations=1399     rate=0.002793 (0.1s)
2026-10-04 15:32:13,275 | INFO    | item_incoterms_matches_header_incoterms                 denial                 checked=2319540    violations=1701     rate=0.000733 (0.3s)
2026-10-04 15:32:13,288 | INFO    | item_incoterms_in_fixed_vocabulary                      denial                 checked=2319540    violations=0        rate=0.000000 (0.0s)
2026-10-04 15:32:13,290 | INFO    | header_incoterms_in_fixed_vocabulary                    denial                 checked=500908     violations=0        rate=0.000000 (0.0s)
2026-10-04 15:32:14,537 | INFO    | START tabpfn on item-plant
2026-10-04 15:32:14,678 | INFO    | PLANT: TabPFN context=8000 rows, test=1000 rows, 30 classes in context
2026-10-04 15:32:14,678 | INFO    | START build features
2026-10-04 15:32:15,063 | INFO    | DONE  build features (0.4s)
2026-10-04 15:32:15,074 | INFO    | START TabPFN fit
2026-10-04 15:32:16,101 | INFO    | DONE  TabPFN fit (1.0s)
2026-10-04 15:32:16,102 | INFO    | START TabPFN predict (1000 rows)
2026-10-04 15:32:18,701 | INFO    | DONE  TabPFN predict (1000 rows) (2.6s)
2026-10-04 15:32:18,703 | INFO    | DONE  tabpfn on item-plant (4.2s)
2026-10-04 15:32:18,716 | INFO    | item-plant accuracy=0.9890 on n=1000
2026-10-04 15:32:19,964 | INFO    | START tabpfn on item-shippoint
2026-10-04 15:32:20,099 | INFO    | SHIPPINGPOINT: TabPFN context=8000 rows, test=1000 rows, 57 classes in context
2026-10-04 15:32:20,099 | INFO    | START build features
2026-10-04 15:32:20,469 | INFO    | DONE  build features (0.4s)
2026-10-04 15:32:20,479 | INFO    | START TabPFN fit
2026-10-04 15:32:20,994 | INFO    | DONE  TabPFN fit (0.5s)
2026-10-04 15:32:20,995 | INFO    | START TabPFN predict (1000 rows)
2026-10-04 15:32:21,526 | INFO    | DONE  TabPFN predict (1000 rows) (0.5s)
2026-10-04 15:32:21,528 | INFO    | DONE  tabpfn on item-shippoint (1.6s)
2026-10-04 15:32:21,539 | INFO    | item-shippoint accuracy=0.9690 on n=1000
2026-10-04 15:32:22,776 | INFO    | START tabpfn on item-incoterms
2026-10-04 15:32:22,903 | INFO    | ITEMINCOTERMSCLASSIFICATION: TabPFN context=8000 rows, test=1000 rows, 12 classes in context
2026-10-04 15:32:22,903 | INFO    | START build features
2026-10-04 15:32:23,271 | INFO    | DONE  build features (0.4s)
2026-10-04 15:32:23,281 | INFO    | START TabPFN fit
2026-10-04 15:32:23,710 | INFO    | DONE  TabPFN fit (0.4s)
2026-10-04 15:32:23,710 | INFO    | START TabPFN predict (1000 rows)
2026-10-04 15:32:24,786 | INFO    | DONE  TabPFN predict (1000 rows) (1.1s)
2026-10-04 15:32:24,788 | INFO    | DONE  tabpfn on item-incoterms (2.0s)
2026-10-04 15:32:24,800 | INFO    | item-incoterms accuracy=1.0000 on n=1000
2026-10-04 15:32:25,999 | INFO    | START tabpfn on sales-office
2026-10-04 15:32:26,039 | INFO    | SALESOFFICE: TabPFN context=8000 rows, test=1000 rows, 11 classes in context
2026-10-04 15:32:26,039 | INFO    | START build features
2026-10-04 15:32:26,076 | INFO    | DONE  build features (0.0s)
2026-10-04 15:32:26,083 | INFO    | START TabPFN fit
2026-10-04 15:32:26,488 | INFO    | DONE  TabPFN fit (0.4s)
2026-10-04 15:32:26,488 | INFO    | START TabPFN predict (1000 rows)
2026-10-04 15:32:27,456 | INFO    | DONE  TabPFN predict (1000 rows) (1.0s)
2026-10-04 15:32:27,458 | INFO    | DONE  tabpfn on sales-office (1.5s)
2026-10-04 15:32:27,470 | INFO    | sales-office accuracy=1.0000 on n=1000
2026-10-04 15:32:28,615 | INFO    | START tabpfn on sales-group
2026-10-04 15:32:28,655 | INFO    | SALESGROUP: TabPFN context=8000 rows, test=1000 rows, 378 classes in context
2026-10-04 15:32:28,655 | INFO    | START build features
2026-10-04 15:32:28,693 | INFO    | DONE  build features (0.0s)
2026-10-04 15:32:28,700 | INFO    | START TabPFN fit
2026-10-04 15:32:29,059 | ERROR   | FAILED TabPFN fit after 0.4s
Traceback (most recent call last):
  File "/home/pminervi/workspace/nesy_tabfm/src/nesy_tabfm/progress.py", line 64, in timed
    yield
  File "/home/pminervi/workspace/nesy_tabfm/src/nesy_tabfm/models/salt_tabpfn.py", line 94, in fit_predict
    model.fit(x_train, y_train)
  File "/home/pminervi/.local/share/uv/python/cpython-3.11.17-linux-x86_64-gnu/lib/python3.11/contextlib.py", line 81, in inner
    return func(*args, **kwds)
           ^^^^^^^^^^^^^^^^^^^
  File "/home/pminervi/workspace/nesy_tabfm/.venv/lib/python3.11/site-packages/tabpfn/classifier.py", line 843, in fit
    ensemble_configs, X, y = self._initialize_dataset_preprocessing(
                             ^^^^^^^^^^^^^^^^^^^^^^^^^^^^^^^^^^^^^^^
  File "/home/pminervi/workspace/nesy_tabfm/.venv/lib/python3.11/site-packages/tabpfn/classifier.py", line 753, in _initialize_dataset_preprocessing
    y, label_metadata = self.label_encoder_.fit_transform(
                        ^^^^^^^^^^^^^^^^^^^^^^^^^^^^^^^^^^
  File "/home/pminervi/workspace/nesy_tabfm/.venv/lib/python3.11/site-packages/tabpfn/preprocessing/label_encoder.py", line 57, in fit_transform
    validate_num_classes(
  File "/home/pminervi/workspace/nesy_tabfm/.venv/lib/python3.11/site-packages/tabpfn/validation.py", line 242, in validate_num_classes
    raise TabPFNValidationError(
tabpfn.errors.TabPFNValidationError: Number of classes `378` exceeds the maximum number of classes `160` officially supported by TabPFN.
2026-10-04 15:32:29,069 | ERROR   | FAILED tabpfn on sales-group after 0.5s
Traceback (most recent call last):
  File "/home/pminervi/workspace/nesy_tabfm/src/nesy_tabfm/progress.py", line 64, in timed
    yield
  File "/home/pminervi/workspace/nesy_tabfm/src/nesy_tabfm/audit/salt_runner.py", line 86, in run_audit
    preds = model_adapter.fit_predict(task, db_full)
            ^^^^^^^^^^^^^^^^^^^^^^^^^^^^^^^^^^^^^^^^
  File "/home/pminervi/workspace/nesy_tabfm/src/nesy_tabfm/models/salt_tabpfn.py", line 94, in fit_predict
    model.fit(x_train, y_train)
  File "/home/pminervi/.local/share/uv/python/cpython-3.11.17-linux-x86_64-gnu/lib/python3.11/contextlib.py", line 81, in inner
    return func(*args, **kwds)
           ^^^^^^^^^^^^^^^^^^^
  File "/home/pminervi/workspace/nesy_tabfm/.venv/lib/python3.11/site-packages/tabpfn/classifier.py", line 843, in fit
    ensemble_configs, X, y = self._initialize_dataset_preprocessing(
                             ^^^^^^^^^^^^^^^^^^^^^^^^^^^^^^^^^^^^^^^
  File "/home/pminervi/workspace/nesy_tabfm/.venv/lib/python3.11/site-packages/tabpfn/classifier.py", line 753, in _initialize_dataset_preprocessing
    y, label_metadata = self.label_encoder_.fit_transform(
                        ^^^^^^^^^^^^^^^^^^^^^^^^^^^^^^^^^^
  File "/home/pminervi/workspace/nesy_tabfm/.venv/lib/python3.11/site-packages/tabpfn/preprocessing/label_encoder.py", line 57, in fit_transform
    validate_num_classes(
  File "/home/pminervi/workspace/nesy_tabfm/.venv/lib/python3.11/site-packages/tabpfn/validation.py", line 242, in validate_num_classes
    raise TabPFNValidationError(
tabpfn.errors.TabPFNValidationError: Number of classes `378` exceeds the maximum number of classes `160` officially supported by TabPFN.
2026-10-04 15:32:29,071 | ERROR   | sales-group FAILED: Number of classes `378` exceeds the maximum number of classes `160` officially supported by TabPFN.
2026-10-04 15:32:30,269 | INFO    | START tabpfn on sales-payterms
2026-10-04 15:32:30,302 | INFO    | CUSTOMERPAYMENTTERMS: TabPFN context=8000 rows, test=1000 rows, 102 classes in context
2026-10-04 15:32:30,302 | INFO    | START build features
2026-10-04 15:32:30,339 | INFO    | DONE  build features (0.0s)
2026-10-04 15:32:30,346 | INFO    | START TabPFN fit
2026-10-04 15:32:30,751 | INFO    | DONE  TabPFN fit (0.4s)
2026-10-04 15:32:30,752 | INFO    | START TabPFN predict (1000 rows)
2026-10-04 15:32:31,301 | INFO    | DONE  TabPFN predict (1000 rows) (0.5s)
2026-10-04 15:32:31,303 | INFO    | DONE  tabpfn on sales-payterms (1.0s)
2026-10-04 15:32:31,315 | INFO    | sales-payterms accuracy=0.9890 on n=1000
2026-10-04 15:32:32,447 | INFO    | START tabpfn on sales-shipcond
2026-10-04 15:32:32,501 | INFO    | SHIPPINGCONDITION: TabPFN context=8000 rows, test=1000 rows, 31 classes in context
2026-10-04 15:32:32,502 | INFO    | START build features
2026-10-04 15:32:32,540 | INFO    | DONE  build features (0.0s)
2026-10-04 15:32:32,547 | INFO    | START TabPFN fit
2026-10-04 15:32:32,955 | INFO    | DONE  TabPFN fit (0.4s)
2026-10-04 15:32:32,955 | INFO    | START TabPFN predict (1000 rows)
2026-10-04 15:32:33,467 | INFO    | DONE  TabPFN predict (1000 rows) (0.5s)
2026-10-04 15:32:33,469 | INFO    | DONE  tabpfn on sales-shipcond (1.0s)
2026-10-04 15:32:33,481 | INFO    | sales-shipcond accuracy=0.9880 on n=1000
2026-10-04 15:32:34,672 | INFO    | START tabpfn on sales-incoterms
2026-10-04 15:32:34,710 | INFO    | HEADERINCOTERMSCLASSIFICATION: TabPFN context=8000 rows, test=1000 rows, 12 classes in context
2026-10-04 15:32:34,710 | INFO    | START build features
2026-10-04 15:32:34,748 | INFO    | DONE  build features (0.0s)
2026-10-04 15:32:34,755 | INFO    | START TabPFN fit
2026-10-04 15:32:35,162 | INFO    | DONE  TabPFN fit (0.4s)
2026-10-04 15:32:35,162 | INFO    | START TabPFN predict (1000 rows)
2026-10-04 15:32:35,675 | INFO    | DONE  TabPFN predict (1000 rows) (0.5s)
2026-10-04 15:32:35,676 | INFO    | DONE  tabpfn on sales-incoterms (1.0s)
2026-10-04 15:32:35,687 | INFO    | sales-incoterms accuracy=1.0000 on n=1000
2026-10-04 15:32:39,501 | INFO    | prediction-level results:
                                               name                  kind  n_checked  n_violations  violation_rate
                      plant_consistent_within_order                denial         46             0           0.000
              shippingpoint_consistent_within_order                denial         46             0           0.000
itemincotermsclassification_consistent_within_order                denial         46             0           0.000
           shippingpoint_pred_determines_plant_pred functional_dependency       1000             5           0.005
  item_incoterms_pred_matches_header_incoterms_pred                denial          8             0           0.000
2026-10-04 15:32:39,510 | INFO    | wrote /home/pminervi/workspace/nesy_tabfm/results_cluster/salt/tabpfn/findings.md
